// Jest Snapshot v1, https://goo.gl/fbAQLP

exports[`renders homepage unchanged 1`] = `
<div>
  <div
    class="banner"
  >
    <h1
      class="bannerText"
    >
      kng.nz
    </h1>
  </div>
</div>
`;
